aoeservermods\characters\masks\data\balaclava\balaklava_rs.tga
aoeservermods\uvcurrency1.png
aoeservermods\whalekticket.png
aoeservermods\books\theaoeashfall\ratchet_smdi.png
aoeservermods\characters\backpack\assaultbag\data\rede_assaultbagwhitedigital_co.png
aoeservermods\characters\backpack\data\federation\coyotebp_fed_co.png
aoeservermods\characters\backpack\data\federation\coyotebp_raccoon_co.png
aoeservermods\characters\backpack\data\federation\coyotebp_specops_co.png
aoeservermods\characters\backpack\data\federation\ghillie_fed_co.png
aoeservermods\characters\backpack\data\federation\ghillie_fed_damage_co.png
aoeservermods\characters\backpack\data\federation\ghillie_fed_destruct_co.png
aoeservermods\characters\backpack\data\federation\ghillie_specops_co.png
aoeservermods\characters\backpack\data\federation\ghillie_specops_damage_co.png
aoeservermods\characters\backpack\data\federation\ghillie_specops_destruct_co.png
aoeservermods\characters\backpack\data\zod\coyotebp_zod1_co.png
aoeservermods\characters\backpack\data\zod\coyotebp_zod2_co.png
aoeservermods\characters\backpack\data\zod\coyotebp_zod_co.png
aoeservermods\characters\backpack\data\zod\coyotebp_zod_pitbull_co.png
aoeservermods\characters\backpack\data\zod\coyotebp_zod_rattlercorp_co.png
aoeservermods\characters\backpack\data\zod\ghillie_zod_co.png
aoeservermods\characters\backpack\data\zod\kidjaf_drypack.png
aoeservermods\characters\backpack\data\zod\zod_drypack.png
aoeservermods\characters\gloves\data\federation\tacticalgloves_fed_co.png
aoeservermods\characters\gloves\data\federation\tacticalgloves_fed_co_tfd.png
aoeservermods\characters\gloves\data\federation\tacticalgloves_specops_co.png
aoeservermods\characters\gloves\data\zod\tacticalgloves_black_co_zod.png
aoeservermods\characters\headgear\data\ballistichelmet\helmetmich_bk_co_tfd.png
aoeservermods\characters\headgear\data\ballistichelmet\helmetmich_bk_zod_co.png
aoeservermods\characters\headgear\data\ballistichelmet\helmetmich_fed_co.png
aoeservermods\characters\headgear\data\ballistichelmet\helmetmich_raccoon.png
aoeservermods\characters\headgear\data\ballistichelmet\helmetmich_specops_co.png
aoeservermods\characters\headgear\data\boonie\booniehat_fed_co.png
aoeservermods\characters\headgear\data\boonie\booniehat_kjblack_co.png
aoeservermods\characters\headgear\data\boonie\booniehat_raccoon_co.png
aoeservermods\characters\headgear\data\boonie\booniehat_specops_co.png
aoeservermods\characters\masks\data\balaclava\balaclava_3holes_specops_co.png
aoeservermods\characters\masks\data\clowns\clownmask_ca_new.png
aoeservermods\characters\masks\data\clowns\mask2_co_new.png
aoeservermods\characters\pants\data\cargopants\cargopants_black_zod_co.png
aoeservermods\characters\pants\data\cargopants\cargopants_fed_co.png
aoeservermods\characters\pants\data\cargopants\cargopants_fed_tfd_co.png
aoeservermods\characters\pants\data\cargopants\cargopants_specops_co.png
aoeservermods\characters\pants\data\tracksuitpants\tracksuit_pants_kj.png
aoeservermods\characters\pants\data\tracksuitpants\tracksuit_pants_zod.png
aoeservermods\characters\ratnik\ratnik_vest_fed_tfd.png
aoeservermods\characters\tops\data\jacket\pcu5jacket_black_zod_co.png
aoeservermods\characters\tops\data\jacket\pcu5jacket_fedts_co.png
aoeservermods\characters\tops\data\jacket\pcu5jacket_fed_co.png
aoeservermods\characters\tops\data\jacket\pcu5jacket_fed_co_tfd.png
aoeservermods\characters\tops\data\jacket\pcu5jacket_ground_fed_co.png
aoeservermods\characters\tops\data\jacket\pcu5jacket_ground_raccoon_co.png
aoeservermods\characters\tops\data\jacket\pcu5jacket_ground_specops_co.png
aoeservermods\characters\tops\data\jacket\pcu5jacket_raccoon_co.png
aoeservermods\characters\tops\data\jacket\pcu5jacket_specops_co.png
aoeservermods\characters\tops\data\jacket\tracksuit_jacket_kj.png
aoeservermods\characters\tops\data\jacket\tracksuit_jacket_zod.png
aoeservermods\characters\vests\6b23\rede_vest_06_whitedigital_diffuse.png
aoeservermods\characters\vests\6b23\rede_vest_bluedigital_diffuse.png
aoeservermods\characters\vests\6b23\vest_06_tan_clem.png
aoeservermods\characters\vests\6b23\vest_06_wint.png
aoeservermods\characters\vests\data\federation\ballisticvest_fed_tfd_co.png
aoeservermods\characters\vests\data\federation\federation_ballisticvest_co.png
aoeservermods\characters\vests\data\federation\raccoon_ballisticvest_co.png
aoeservermods\characters\vests\data\federation\specops_ballisticvest_co.png
aoeservermods\characters\vests\data\zod\ballisticvest_new_zod_camo_co.png
aoeservermods\characters\vests\data\zod\ballisticvest_zoddk_co.png
aoeservermods\characters\vests\data\zod\ballisticvest_zod_camo_co.png
aoeservermods\characters\vests\data\zod\ballisticvest_zod_co.png
aoeservermods\characters\vests\data\zod\ballisticvest_zod_pitbull.png
aoeservermods\characters\vests\data\zod\ballisticvest_zod_pitbullbk_co.png
aoeservermods\characters\vests\data\zod\ballisticvest_zod_rattlercorp_co.png
aoeservermods\characters\vests\data\zod\kjsmersh.png
aoeservermods\characters\vests\data\zod\zodsmersh.png
aoeservermods\characters\zombies\bluecollar_fat_f_blue_co.png
aoeservermods\gear\data\freeman\masswinterbdutop.png
aoeservermods\weapons\shutup\winchester70_co_rug.png
